­ƒº¬ TEST DIRECT API ENCAISSEMENT
ÔòÉÔòÉÔòÉÔòÉÔòÉÔòÉÔòÉÔòÉÔòÉÔòÉÔòÉÔòÉÔòÉÔòÉÔòÉÔòÉÔòÉÔòÉÔòÉÔòÉÔòÉÔòÉÔòÉÔòÉÔòÉÔòÉÔòÉÔòÉÔòÉÔòÉÔòÉÔòÉÔòÉÔòÉÔòÉÔòÉÔòÉÔòÉÔòÉÔòÉÔòÉÔòÉÔòÉÔòÉÔòÉÔòÉÔòÉÔòÉÔòÉÔòÉÔòÉÔòÉÔòÉÔòÉÔòÉÔòÉÔòÉÔòÉÔòÉÔòÉÔòÉ

1´©ÅÔâú  V├®rification vente avant...
   Ô£ô Vente #90
   Ô£ô statut_encaissement: ENCAISSE
   Ô£ô journal_caisse_id: 

2´©ÅÔâú  Ex├®cution API encaissement...
   Payload: {"vente_id":90,"montant":665415,"mode_paiement_id":1,"observations":"Test direct Phase 1.1"}

   Ô£ô Journal caisse cr├®├®: ID #

   Ô£ô Vente mise ├á jour

3´©ÅÔâú  V├®rification apr├¿s encaissement...
   Ô£ô Vente #90
   Ô£ô statut_encaissement: ENCAISSE
   Ô£ô journal_caisse_id: 

4´©ÅÔâú  V├®rification journal caisse...
php : PHP Warning:  Trying to access array offset on value of type bool in C:\xampp\htdocs\kms_app\test_direct_encaissement.php on line 103
Au caractère Ligne:1 : 1
+ php test_direct_encaissement.php > test_output.txt 2>&1; type test_ou ...
+ ~~~~~~~~~~~~~~~~~~~~~~~~~~~~~~~~~~~~~~~~~~~~~~~~~~~~~~~
    + CategoryInfo          : NotSpecified: (PHP Warning:  T...php on line 103:String) [], RemoteException
    + FullyQualifiedErrorId : NativeCommandError
 

Warning: Trying to access array offset on value of type bool in C:\xampp\htdocs\kms_app\test_direct_encaissement.php on line 103
   Ô£ô ID: 
PHP Warning:  Trying to access array offset on value of type bool in C:\xampp\htdocs\kms_app\test_direct_encaissement.php on line 104

Warning: Trying to access array offset on value of type bool in C:\xampp\htdocs\kms_app\test_direct_encaissement.php on line 104
   Ô£ô Date: 
PHP Warning:  Trying to access array offset on value of type bool in C:\xampp\htdocs\kms_app\test_direct_encaissement.php on line 105

Warning: Trying to access array offset on value of type bool in C:\xampp\htdocs\kms_app\test_direct_encaissement.php on line 105
   Ô£ô Sens: 
PHP Warning:  Trying to access array offset on value of type bool in C:\xampp\htdocs\kms_app\test_direct_encaissement.php on line 106

Warning: Trying to access array offset on value of type bool in C:\xampp\htdocs\kms_app\test_direct_encaissement.php on line 106
   Ô£ô Montant:  FCFA
PHP Warning:  Trying to access array offset on value of type bool in C:\xampp\htdocs\kms_app\test_direct_encaissement.php on line 107

Warning: Trying to access array offset on value of type bool in C:\xampp\htdocs\kms_app\test_direct_encaissement.php on line 107
   Ô£ô Vente ID: 
PHP Warning:  Trying to access array offset on value of type bool in C:\xampp\htdocs\kms_app\test_direct_encaissement.php on line 108

Warning: Trying to access array offset on value of type bool in C:\xampp\htdocs\kms_app\test_direct_encaissement.php on line 108
   Ô£ô Nature: 

Ô£à TEST R├ëUSSI!

La synchronisation vente ÔåÆ caisse fonctionne correctement.
Phase 1.1 est pr├¬te pour d├®ploiement.
